{"level":"info"}
{"level":"info","message":"request - >> GET https://google.com/"}
{"level":"info","message":"response - << 302 https://google.com/"}
{"level":"info","message":"request - >> GET https://www.google.com/sorry/index?continue=https://google.com/&q=EgSs1i8ZGKqCudIGIimBEx1HkOPq7DcAZIHNsqycVojVUl7aC76SJq5xwRCeUflv4d-FpT4D0TICclJaAUM"}
{"level":"info","message":"response - << 429 https://www.google.com/sorry/index?continue=https://google.com/&q=EgSs1i8ZGKqCudIGIimBEx1HkOPq7DcAZIHNsqycVojVUl7aC76SJq5xwRCeUflv4d-FpT4D0TICclJaAUM"}
{"level":"info","message":"request - >> GET https://www.google.com/recaptcha/enterprise.js"}
{"level":"info","message":"response - << 200 https://www.google.com/recaptcha/enterprise.js"}
{"level":"info","message":"request - >> GET https://www.gstatic.com/recaptcha/releases/TnA7HacJFoBWt9hnlunBlYfK/recaptcha__en.js"}
{"level":"info","message":"response - << 200 https://www.gstatic.com/recaptcha/releases/TnA7HacJFoBWt9hnlunBlYfK/recaptcha__en.js"}
{"level":"info","message":"request - >> GET https://www.google.com/recaptcha/enterprise/anchor?ar=1&k=6LfwuyUTAAAAAOAmoS0fdqijC2PbbdH4kjq62Y1b&co=aHR0cHM6Ly93d3cuZ29vZ2xlLmNvbTo0NDM.&hl=en&v=TnA7HacJFoBWt9hnlunBlYfK&size=normal&s=LwLvVBDQiFgBHKaZzbzYko4wDRVqY_0KjwGJRSJI0zQuVyYxuEDuutQV8MbPbKEN8pybvEgJLEe42whMgfMjs0oUe57SYCeZ4zAfWp2mpBi8X_70Dwl74dtRmogvYahD4IeD4G9QD1GwMkmP4IzgG-O9Bh-RSkM2mLyr50APv14tb5hdF1yt-wh60d36CWrvlCveEbqwOCpURwfyLxGC7S5fsDxMOcpG3FNMjWKbutV-bEpxFR3ompSHHRmtLvQnF0yBLGTu5WfdnhHYBXI&anchor-ms=20000&execute-ms=30000&cb=u9jiej32bh7m"}
{"level":"info","message":"response - << 200 https://www.google.com/recaptcha/enterprise/anchor?ar=1&k=6LfwuyUTAAAAAOAmoS0fdqijC2PbbdH4kjq62Y1b&co=aHR0cHM6Ly93d3cuZ29vZ2xlLmNvbTo0NDM.&hl=en&v=TnA7HacJFoBWt9hnlunBlYfK&size=normal&s=LwLvVBDQiFgBHKaZzbzYko4wDRVqY_0KjwGJRSJI0zQuVyYxuEDuutQV8MbPbKEN8pybvEgJLEe42whMgfMjs0oUe57SYCeZ4zAfWp2mpBi8X_70Dwl74dtRmogvYahD4IeD4G9QD1GwMkmP4IzgG-O9Bh-RSkM2mLyr50APv14tb5hdF1yt-wh60d36CWrvlCveEbqwOCpURwfyLxGC7S5fsDxMOcpG3FNMjWKbutV-bEpxFR3ompSHHRmtLvQnF0yBLGTu5WfdnhHYBXI&anchor-ms=20000&execute-ms=30000&cb=u9jiej32bh7m"}
{"level":"info","message":"request - >> GET https://www.gstatic.com/recaptcha/releases/TnA7HacJFoBWt9hnlunBlYfK/styles__ltr.css"}
{"level":"info","message":"request - >> GET https://www.gstatic.com/recaptcha/releases/TnA7HacJFoBWt9hnlunBlYfK/recaptcha__en.js"}
{"level":"info","message":"response - << 200 https://www.gstatic.com/recaptcha/releases/TnA7HacJFoBWt9hnlunBlYfK/recaptcha__en.js"}
{"level":"info","message":"response - << 200 https://www.gstatic.com/recaptcha/releases/TnA7HacJFoBWt9hnlunBlYfK/styles__ltr.css"}
{"level":"info","message":"request - >> GET https://www.gstatic.com/recaptcha/api2/logo_48.png"}
{"level":"info","message":"request - >> GET https://fonts.gstatic.com/s/roboto/v48/KFO7CnqEu92Fr1ME7kSn66aGLdTylUAMa3yUBA.woff2"}
{"level":"info","message":"response - << 200 https://www.gstatic.com/recaptcha/api2/logo_48.png"}
{"level":"info","message":"request - >> GET https://www.google.com/recaptcha/enterprise/webworker.js?hl=en&v=TnA7HacJFoBWt9hnlunBlYfK"}
{"level":"info","message":"response - << 200 https://fonts.gstatic.com/s/roboto/v48/KFO7CnqEu92Fr1ME7kSn66aGLdTylUAMa3yUBA.woff2"}
{"level":"info","message":"response - << 200 https://www.google.com/recaptcha/enterprise/webworker.js?hl=en&v=TnA7HacJFoBWt9hnlunBlYfK"}
{"level":"info","message":"request - >> GET https://www.gstatic.com/recaptcha/releases/TnA7HacJFoBWt9hnlunBlYfK/recaptcha__en.js"}
{"level":"info","message":"response - << 200 https://www.gstatic.com/recaptcha/releases/TnA7HacJFoBWt9hnlunBlYfK/recaptcha__en.js"}
{"level":"info","message":"request - >> GET https://www.google.com/recaptcha/enterprise/bframe?hl=en&v=TnA7HacJFoBWt9hnlunBlYfK&k=6LfwuyUTAAAAAOAmoS0fdqijC2PbbdH4kjq62Y1b&bft=0dAFcWeA74hBTM6_k6RkzgIAFyze5WInDEJv4ghZqm7tj4p_fb099tsdcVlZxbVFsJuX8IuAYLkow6rUe0lNF1IOIuJGY94rl5pQ"}
{"level":"info","message":"response - << 200 https://www.google.com/recaptcha/enterprise/bframe?hl=en&v=TnA7HacJFoBWt9hnlunBlYfK&k=6LfwuyUTAAAAAOAmoS0fdqijC2PbbdH4kjq62Y1b&bft=0dAFcWeA74hBTM6_k6RkzgIAFyze5WInDEJv4ghZqm7tj4p_fb099tsdcVlZxbVFsJuX8IuAYLkow6rUe0lNF1IOIuJGY94rl5pQ"}
{"level":"info","message":"request - >> GET https://www.gstatic.com/recaptcha/releases/TnA7HacJFoBWt9hnlunBlYfK/styles__ltr.css"}
{"level":"info","message":"response - << 200 https://www.gstatic.com/recaptcha/releases/TnA7HacJFoBWt9hnlunBlYfK/styles__ltr.css"}
{"level":"info","message":"request - >> GET https://www.gstatic.com/recaptcha/releases/TnA7HacJFoBWt9hnlunBlYfK/recaptcha__en.js"}
{"level":"info","message":"response - << 200 https://www.gstatic.com/recaptcha/releases/TnA7HacJFoBWt9hnlunBlYfK/recaptcha__en.js"}
{"level":"info","message":"request - >> GET https://fonts.gstatic.com/s/roboto/v48/KFO7CnqEu92Fr1ME7kSn66aGLdTylUAMa3yUBA.woff2"}
{"level":"info","message":"response - << 200 https://fonts.gstatic.com/s/roboto/v48/KFO7CnqEu92Fr1ME7kSn66aGLdTylUAMa3yUBA.woff2"}
{"level":"info","message":"Navigated to the application"}
{"level":"info","message":" Test step"}
